
==========================================================================
resizer report_tns
--------------------------------------------------------------------------
tns 0.00

==========================================================================
resizer report_wns
--------------------------------------------------------------------------
wns 0.00

==========================================================================
resizer report_worst_slack
--------------------------------------------------------------------------
worst slack 4.64

==========================================================================
resizer report_checks -path_delay min
--------------------------------------------------------------------------
Startpoint: _380_ (rising edge-triggered flip-flop clocked by core_clock)
Endpoint: _382_ (rising edge-triggered flip-flop clocked by core_clock)
Path Group: core_clock
Path Type: min

Fanout     Cap    Slew   Delay    Time   Description
-----------------------------------------------------------------------------
                  0.00    0.00    0.00   clock core_clock (rise edge)
                          0.00    0.00   clock network delay (ideal)
                  0.00    0.00    0.00 ^ _380_/CK (DFF_X1)
     1    1.78    0.01    0.06    0.06 ^ _380_/QN (DFF_X1)
                                         _244_ (net)
                  0.01    0.00    0.06 ^ _292_/B2 (OAI22_X1)
     1    1.23    0.01    0.02    0.08 v _292_/ZN (OAI22_X1)
                                         _133_ (net)
                  0.01    0.00    0.08 v _382_/D (DFF_X2)
                                  0.08   data arrival time

                  0.00    0.00    0.00   clock core_clock (rise edge)
                          0.00    0.00   clock network delay (ideal)
                          0.10    0.10   clock uncertainty
                          0.00    0.10   clock reconvergence pessimism
                                  0.10 ^ _382_/CK (DFF_X2)
                          0.00    0.10   library hold time
                                  0.10   data required time
-----------------------------------------------------------------------------
                                  0.10   data required time
                                 -0.08   data arrival time
-----------------------------------------------------------------------------
                                 -0.02   slack (VIOLATED)



==========================================================================
resizer report_checks -path_delay max
--------------------------------------------------------------------------
Startpoint: sram_inst (falling edge-triggered flip-flop clocked by core_clock)
Endpoint: _395_ (rising edge-triggered flip-flop clocked by core_clock)
Path Group: core_clock
Path Type: max

Fanout     Cap    Slew   Delay    Time   Description
-----------------------------------------------------------------------------
                  0.00    5.00    5.00   clock core_clock (fall edge)
                          0.00    5.00   clock network delay (ideal)
                  0.00    0.00    5.00 v sram_inst/clk (SRAM_6T_CORE_16x8_MC_TB)
     1    1.65    0.00    0.19    5.19 v sram_inst/rd_out[4] (SRAM_6T_CORE_16x8_MC_TB)
                                         sram_rdata[4] (net)
                  0.00    0.00    5.19 v _302_/A2 (AND2_X1)
     1    1.53    0.01    0.03    5.22 v _302_/ZN (AND2_X1)
                                         _126_ (net)
                  0.01    0.00    5.22 v _395_/D (DFF_X2)
                                  5.22   data arrival time

                  0.00   10.00   10.00   clock core_clock (rise edge)
                          0.00   10.00   clock network delay (ideal)
                         -0.10    9.90   clock uncertainty
                          0.00    9.90   clock reconvergence pessimism
                                  9.90 ^ _395_/CK (DFF_X2)
                         -0.04    9.86   library setup time
                                  9.86   data required time
-----------------------------------------------------------------------------
                                  9.86   data required time
                                 -5.22   data arrival time
-----------------------------------------------------------------------------
                                  4.64   slack (MET)



==========================================================================
resizer report_checks -unconstrained
--------------------------------------------------------------------------
Startpoint: sram_inst (falling edge-triggered flip-flop clocked by core_clock)
Endpoint: _395_ (rising edge-triggered flip-flop clocked by core_clock)
Path Group: core_clock
Path Type: max

Fanout     Cap    Slew   Delay    Time   Description
-----------------------------------------------------------------------------
                  0.00    5.00    5.00   clock core_clock (fall edge)
                          0.00    5.00   clock network delay (ideal)
                  0.00    0.00    5.00 v sram_inst/clk (SRAM_6T_CORE_16x8_MC_TB)
     1    1.65    0.00    0.19    5.19 v sram_inst/rd_out[4] (SRAM_6T_CORE_16x8_MC_TB)
                                         sram_rdata[4] (net)
                  0.00    0.00    5.19 v _302_/A2 (AND2_X1)
     1    1.53    0.01    0.03    5.22 v _302_/ZN (AND2_X1)
                                         _126_ (net)
                  0.01    0.00    5.22 v _395_/D (DFF_X2)
                                  5.22   data arrival time

                  0.00   10.00   10.00   clock core_clock (rise edge)
                          0.00   10.00   clock network delay (ideal)
                         -0.10    9.90   clock uncertainty
                          0.00    9.90   clock reconvergence pessimism
                                  9.90 ^ _395_/CK (DFF_X2)
                         -0.04    9.86   library setup time
                                  9.86   data required time
-----------------------------------------------------------------------------
                                  9.86   data required time
                                 -5.22   data arrival time
-----------------------------------------------------------------------------
                                  4.64   slack (MET)



==========================================================================
resizer report_check_types -max_slew -max_cap -max_fanout -violators
--------------------------------------------------------------------------
max slew

Pin                                    Limit    Slew   Slack
------------------------------------------------------------
sram_inst/addr_in[2]                    0.04    0.04   -0.00 (VIOLATED)

max capacitance

Pin                                    Limit     Cap   Slack
------------------------------------------------------------
sram_inst/rd_out[4]                     0.84    1.73   -0.89 (VIOLATED)
sram_inst/rd_out[6]                     0.84    1.54   -0.70 (VIOLATED)
sram_inst/rd_out[5]                     0.84    1.49   -0.65 (VIOLATED)
sram_inst/rd_out[2]                     0.84    1.48   -0.64 (VIOLATED)
sram_inst/rd_out[3]                     0.84    1.37   -0.53 (VIOLATED)
sram_inst/rd_out[0]                     0.84    1.34   -0.51 (VIOLATED)
sram_inst/rd_out[7]                     0.84    1.32   -0.48 (VIOLATED)
sram_inst/rd_out[1]                     0.84    1.25   -0.41 (VIOLATED)


==========================================================================
resizer max_slew_check_slack
--------------------------------------------------------------------------
-0.0005522422725334764

==========================================================================
resizer max_slew_check_limit
--------------------------------------------------------------------------
0.03999999910593033

==========================================================================
resizer max_slew_check_slack_limit
--------------------------------------------------------------------------
-0.0138

==========================================================================
resizer max_fanout_check_slack
--------------------------------------------------------------------------
3.0

==========================================================================
resizer max_fanout_check_limit
--------------------------------------------------------------------------
4.0

==========================================================================
resizer max_fanout_check_slack_limit
--------------------------------------------------------------------------
0.7500

==========================================================================
resizer max_capacitance_check_slack
--------------------------------------------------------------------------
-0.8914968967437744

==========================================================================
resizer max_capacitance_check_limit
--------------------------------------------------------------------------
0.836400032043457

==========================================================================
resizer max_capacitance_check_slack_limit
--------------------------------------------------------------------------
-1.0659

==========================================================================
resizer max_slew_violation_count
--------------------------------------------------------------------------
max slew violation count 1

==========================================================================
resizer max_fanout_violation_count
--------------------------------------------------------------------------
max fanout violation count 0

==========================================================================
resizer max_cap_violation_count
--------------------------------------------------------------------------
max cap violation count 8

==========================================================================
resizer setup_violation_count
--------------------------------------------------------------------------
setup violation count 0

==========================================================================
resizer hold_violation_count
--------------------------------------------------------------------------
hold violation count 16

==========================================================================
resizer report_checks -path_delay max reg to reg
--------------------------------------------------------------------------
Startpoint: sram_inst (falling edge-triggered flip-flop clocked by core_clock)
Endpoint: _395_ (rising edge-triggered flip-flop clocked by core_clock)
Path Group: core_clock
Path Type: max

  Delay    Time   Description
---------------------------------------------------------
   5.00    5.00   clock core_clock (fall edge)
   0.00    5.00   clock network delay (ideal)
   0.00    5.00 v sram_inst/clk (SRAM_6T_CORE_16x8_MC_TB)
   0.19    5.19 v sram_inst/rd_out[4] (SRAM_6T_CORE_16x8_MC_TB)
   0.03    5.22 v _302_/ZN (AND2_X1)
   0.00    5.22 v _395_/D (DFF_X2)
           5.22   data arrival time

  10.00   10.00   clock core_clock (rise edge)
   0.00   10.00   clock network delay (ideal)
  -0.10    9.90   clock uncertainty
   0.00    9.90   clock reconvergence pessimism
           9.90 ^ _395_/CK (DFF_X2)
  -0.04    9.86   library setup time
           9.86   data required time
---------------------------------------------------------
           9.86   data required time
          -5.22   data arrival time
---------------------------------------------------------
           4.64   slack (MET)



==========================================================================
resizer report_checks -path_delay min reg to reg
--------------------------------------------------------------------------
Startpoint: _380_ (rising edge-triggered flip-flop clocked by core_clock)
Endpoint: _382_ (rising edge-triggered flip-flop clocked by core_clock)
Path Group: core_clock
Path Type: min

  Delay    Time   Description
---------------------------------------------------------
   0.00    0.00   clock core_clock (rise edge)
   0.00    0.00   clock network delay (ideal)
   0.00    0.00 ^ _380_/CK (DFF_X1)
   0.06    0.06 ^ _380_/QN (DFF_X1)
   0.02    0.08 v _292_/ZN (OAI22_X1)
   0.00    0.08 v _382_/D (DFF_X2)
           0.08   data arrival time

   0.00    0.00   clock core_clock (rise edge)
   0.00    0.00   clock network delay (ideal)
   0.10    0.10   clock uncertainty
   0.00    0.10   clock reconvergence pessimism
           0.10 ^ _382_/CK (DFF_X2)
   0.00    0.10   library hold time
           0.10   data required time
---------------------------------------------------------
           0.10   data required time
          -0.08   data arrival time
---------------------------------------------------------
          -0.02   slack (VIOLATED)



==========================================================================
resizer critical path target clock latency max path
--------------------------------------------------------------------------
0.0000

==========================================================================
resizer critical path target clock latency min path
--------------------------------------------------------------------------
0.0000

==========================================================================
resizer critical path source clock latency min path
--------------------------------------------------------------------------
0.0000

==========================================================================
resizer critical path delay
--------------------------------------------------------------------------
5.2178

==========================================================================
resizer critical path slack
--------------------------------------------------------------------------
4.6410

==========================================================================
resizer slack div critical path delay
--------------------------------------------------------------------------
88.945533

==========================================================================
resizer report_power
--------------------------------------------------------------------------
Group                  Internal  Switching    Leakage      Total
                          Power      Power      Power      Power (Watts)
----------------------------------------------------------------
Sequential             2.97e-05   1.65e-06   4.24e-06   3.56e-05  24.6%
Combinational          2.95e-05   3.14e-05   2.12e-05   8.22e-05  56.8%
Clock                  0.00e+00   0.00e+00   0.00e+00   0.00e+00   0.0%
Macro                  2.63e-05   0.00e+00   5.92e-07   2.69e-05  18.6%
Pad                    0.00e+00   0.00e+00   0.00e+00   0.00e+00   0.0%
----------------------------------------------------------------
Total                  8.55e-05   3.31e-05   2.61e-05   1.45e-04 100.0%
                          59.1%      22.9%      18.0%
