
==========================================================================
resizer report_tns
--------------------------------------------------------------------------
tns 0.00

==========================================================================
resizer report_wns
--------------------------------------------------------------------------
wns 0.00

==========================================================================
resizer report_worst_slack
--------------------------------------------------------------------------
worst slack 4.62

==========================================================================
resizer report_checks -path_delay min
--------------------------------------------------------------------------
Startpoint: _1012_ (rising edge-triggered flip-flop clocked by core_clock)
Endpoint: _1012_ (rising edge-triggered flip-flop clocked by core_clock)
Path Group: core_clock
Path Type: min

Fanout     Cap    Slew   Delay    Time   Description
-----------------------------------------------------------------------------
                  0.00    0.00    0.00   clock core_clock (rise edge)
                          0.00    0.00   clock network delay (ideal)
                  0.00    0.00    0.00 ^ _1012_/CK (DFF_X1)
     1    1.72    0.01    0.06    0.06 ^ _1012_/QN (DFF_X1)
                                         _0659_ (net)
                  0.01    0.00    0.06 ^ _0840_/A1 (OAI22_X1)
     1    1.28    0.01    0.01    0.07 v _0840_/ZN (OAI22_X1)
                                         _0268_ (net)
                  0.01    0.00    0.07 v _1012_/D (DFF_X1)
                                  0.07   data arrival time

                  0.00    0.00    0.00   clock core_clock (rise edge)
                          0.00    0.00   clock network delay (ideal)
                          0.10    0.10   clock uncertainty
                          0.00    0.10   clock reconvergence pessimism
                                  0.10 ^ _1012_/CK (DFF_X1)
                          0.00    0.10   library hold time
                                  0.10   data required time
-----------------------------------------------------------------------------
                                  0.10   data required time
                                 -0.07   data arrival time
-----------------------------------------------------------------------------
                                 -0.03   slack (VIOLATED)



==========================================================================
resizer report_checks -path_delay max
--------------------------------------------------------------------------
Startpoint: sram_inst (falling edge-triggered flip-flop clocked by core_clock)
Endpoint: _0970_ (rising edge-triggered flip-flop clocked by core_clock)
Path Group: core_clock
Path Type: max

Fanout     Cap    Slew   Delay    Time   Description
-----------------------------------------------------------------------------
                  0.00    5.00    5.00   clock core_clock (fall edge)
                          0.00    5.00   clock network delay (ideal)
                  0.00    0.00    5.00 v sram_inst/clk (SRAM_6T_CORE_64x32_MC_TB)
     1    1.51    0.00    0.21    5.21 v sram_inst/rd_out[0] (SRAM_6T_CORE_64x32_MC_TB)
                                         sram_rdata[0] (net)
                  0.00    0.00    5.21 v _0696_/A2 (AND2_X1)
     1    1.34    0.01    0.03    5.24 v _0696_/ZN (AND2_X1)
                                         _0271_ (net)
                  0.01    0.00    5.24 v _0970_/D (DFF_X2)
                                  5.24   data arrival time

                  0.00   10.00   10.00   clock core_clock (rise edge)
                          0.00   10.00   clock network delay (ideal)
                         -0.10    9.90   clock uncertainty
                          0.00    9.90   clock reconvergence pessimism
                                  9.90 ^ _0970_/CK (DFF_X2)
                         -0.04    9.86   library setup time
                                  9.86   data required time
-----------------------------------------------------------------------------
                                  9.86   data required time
                                 -5.24   data arrival time
-----------------------------------------------------------------------------
                                  4.62   slack (MET)



==========================================================================
resizer report_checks -unconstrained
--------------------------------------------------------------------------
Startpoint: sram_inst (falling edge-triggered flip-flop clocked by core_clock)
Endpoint: _0970_ (rising edge-triggered flip-flop clocked by core_clock)
Path Group: core_clock
Path Type: max

Fanout     Cap    Slew   Delay    Time   Description
-----------------------------------------------------------------------------
                  0.00    5.00    5.00   clock core_clock (fall edge)
                          0.00    5.00   clock network delay (ideal)
                  0.00    0.00    5.00 v sram_inst/clk (SRAM_6T_CORE_64x32_MC_TB)
     1    1.51    0.00    0.21    5.21 v sram_inst/rd_out[0] (SRAM_6T_CORE_64x32_MC_TB)
                                         sram_rdata[0] (net)
                  0.00    0.00    5.21 v _0696_/A2 (AND2_X1)
     1    1.34    0.01    0.03    5.24 v _0696_/ZN (AND2_X1)
                                         _0271_ (net)
                  0.01    0.00    5.24 v _0970_/D (DFF_X2)
                                  5.24   data arrival time

                  0.00   10.00   10.00   clock core_clock (rise edge)
                          0.00   10.00   clock network delay (ideal)
                         -0.10    9.90   clock uncertainty
                          0.00    9.90   clock reconvergence pessimism
                                  9.90 ^ _0970_/CK (DFF_X2)
                         -0.04    9.86   library setup time
                                  9.86   data required time
-----------------------------------------------------------------------------
                                  9.86   data required time
                                 -5.24   data arrival time
-----------------------------------------------------------------------------
                                  4.62   slack (MET)



==========================================================================
resizer report_check_types -max_slew -max_cap -max_fanout -violators
--------------------------------------------------------------------------
max slew

Pin                                    Limit    Slew   Slack
------------------------------------------------------------
sram_inst/addr_in[0]                    0.04    0.04   -0.00 (VIOLATED)

max capacitance

Pin                                    Limit     Cap   Slack
------------------------------------------------------------
sram_inst/rd_out[26]                    0.84    2.00   -1.16 (VIOLATED)
sram_inst/rd_out[7]                     0.84    2.00   -1.16 (VIOLATED)
sram_inst/rd_out[12]                    0.84    1.99   -1.15 (VIOLATED)
sram_inst/rd_out[30]                    0.84    1.97   -1.14 (VIOLATED)
sram_inst/rd_out[15]                    0.84    1.96   -1.13 (VIOLATED)
sram_inst/rd_out[10]                    0.84    1.93   -1.09 (VIOLATED)
sram_inst/rd_out[23]                    0.84    1.92   -1.08 (VIOLATED)
sram_inst/rd_out[21]                    0.84    1.88   -1.04 (VIOLATED)
sram_inst/rd_out[27]                    0.84    1.86   -1.02 (VIOLATED)
sram_inst/rd_out[4]                     0.84    1.85   -1.02 (VIOLATED)
sram_inst/rd_out[19]                    0.84    1.80   -0.96 (VIOLATED)
sram_inst/rd_out[17]                    0.84    1.80   -0.96 (VIOLATED)
sram_inst/rd_out[14]                    0.84    1.71   -0.87 (VIOLATED)
sram_inst/rd_out[8]                     0.84    1.67   -0.84 (VIOLATED)
sram_inst/rd_out[2]                     0.84    1.65   -0.82 (VIOLATED)
sram_inst/rd_out[29]                    0.84    1.65   -0.81 (VIOLATED)
sram_inst/rd_out[31]                    0.84    1.60   -0.77 (VIOLATED)
sram_inst/rd_out[0]                     0.84    1.59   -0.76 (VIOLATED)
sram_inst/rd_out[5]                     0.84    1.58   -0.74 (VIOLATED)
sram_inst/rd_out[1]                     0.84    1.56   -0.72 (VIOLATED)
sram_inst/rd_out[25]                    0.84    1.55   -0.71 (VIOLATED)
sram_inst/rd_out[22]                    0.84    1.54   -0.71 (VIOLATED)
sram_inst/rd_out[28]                    0.84    1.54   -0.71 (VIOLATED)
sram_inst/rd_out[11]                    0.84    1.53   -0.69 (VIOLATED)
sram_inst/rd_out[16]                    0.84    1.52   -0.68 (VIOLATED)
sram_inst/rd_out[20]                    0.84    1.51   -0.67 (VIOLATED)
sram_inst/rd_out[24]                    0.84    1.50   -0.67 (VIOLATED)
sram_inst/rd_out[18]                    0.84    1.48   -0.65 (VIOLATED)
sram_inst/rd_out[13]                    0.84    1.48   -0.64 (VIOLATED)
sram_inst/rd_out[9]                     0.84    1.46   -0.63 (VIOLATED)
sram_inst/rd_out[3]                     0.84    1.43   -0.59 (VIOLATED)
sram_inst/rd_out[6]                     0.84    1.43   -0.59 (VIOLATED)


==========================================================================
resizer max_slew_check_slack
--------------------------------------------------------------------------
-0.0017590582137927413

==========================================================================
resizer max_slew_check_limit
--------------------------------------------------------------------------
0.03999999910593033

==========================================================================
resizer max_slew_check_slack_limit
--------------------------------------------------------------------------
-0.0440

==========================================================================
resizer max_fanout_check_slack
--------------------------------------------------------------------------
3.0

==========================================================================
resizer max_fanout_check_limit
--------------------------------------------------------------------------
4.0

==========================================================================
resizer max_fanout_check_slack_limit
--------------------------------------------------------------------------
0.7500

==========================================================================
resizer max_capacitance_check_slack
--------------------------------------------------------------------------
-1.161590337753296

==========================================================================
resizer max_capacitance_check_limit
--------------------------------------------------------------------------
0.836400032043457

==========================================================================
resizer max_capacitance_check_slack_limit
--------------------------------------------------------------------------
-1.3888

==========================================================================
resizer max_slew_violation_count
--------------------------------------------------------------------------
max slew violation count 1

==========================================================================
resizer max_fanout_violation_count
--------------------------------------------------------------------------
max fanout violation count 0

==========================================================================
resizer max_cap_violation_count
--------------------------------------------------------------------------
max cap violation count 32

==========================================================================
resizer setup_violation_count
--------------------------------------------------------------------------
setup violation count 0

==========================================================================
resizer hold_violation_count
--------------------------------------------------------------------------
hold violation count 17

==========================================================================
resizer report_checks -path_delay max reg to reg
--------------------------------------------------------------------------
Startpoint: sram_inst (falling edge-triggered flip-flop clocked by core_clock)
Endpoint: _0970_ (rising edge-triggered flip-flop clocked by core_clock)
Path Group: core_clock
Path Type: max

  Delay    Time   Description
---------------------------------------------------------
   5.00    5.00   clock core_clock (fall edge)
   0.00    5.00   clock network delay (ideal)
   0.00    5.00 v sram_inst/clk (SRAM_6T_CORE_64x32_MC_TB)
   0.21    5.21 v sram_inst/rd_out[0] (SRAM_6T_CORE_64x32_MC_TB)
   0.03    5.24 v _0696_/ZN (AND2_X1)
   0.00    5.24 v _0970_/D (DFF_X2)
           5.24   data arrival time

  10.00   10.00   clock core_clock (rise edge)
   0.00   10.00   clock network delay (ideal)
  -0.10    9.90   clock uncertainty
   0.00    9.90   clock reconvergence pessimism
           9.90 ^ _0970_/CK (DFF_X2)
  -0.04    9.86   library setup time
           9.86   data required time
---------------------------------------------------------
           9.86   data required time
          -5.24   data arrival time
---------------------------------------------------------
           4.62   slack (MET)



==========================================================================
resizer report_checks -path_delay min reg to reg
--------------------------------------------------------------------------
Startpoint: _1012_ (rising edge-triggered flip-flop clocked by core_clock)
Endpoint: _1012_ (rising edge-triggered flip-flop clocked by core_clock)
Path Group: core_clock
Path Type: min

  Delay    Time   Description
---------------------------------------------------------
   0.00    0.00   clock core_clock (rise edge)
   0.00    0.00   clock network delay (ideal)
   0.00    0.00 ^ _1012_/CK (DFF_X1)
   0.06    0.06 ^ _1012_/QN (DFF_X1)
   0.01    0.07 v _0840_/ZN (OAI22_X1)
   0.00    0.07 v _1012_/D (DFF_X1)
           0.07   data arrival time

   0.00    0.00   clock core_clock (rise edge)
   0.00    0.00   clock network delay (ideal)
   0.10    0.10   clock uncertainty
   0.00    0.10   clock reconvergence pessimism
           0.10 ^ _1012_/CK (DFF_X1)
   0.00    0.10   library hold time
           0.10   data required time
---------------------------------------------------------
           0.10   data required time
          -0.07   data arrival time
---------------------------------------------------------
          -0.03   slack (VIOLATED)



==========================================================================
resizer critical path target clock latency max path
--------------------------------------------------------------------------
0.0000

==========================================================================
resizer critical path target clock latency min path
--------------------------------------------------------------------------
0.0000

==========================================================================
resizer critical path source clock latency min path
--------------------------------------------------------------------------
0.0000

==========================================================================
resizer critical path delay
--------------------------------------------------------------------------
5.2400

==========================================================================
resizer critical path slack
--------------------------------------------------------------------------
4.6189

==========================================================================
resizer slack div critical path delay
--------------------------------------------------------------------------
88.146947

==========================================================================
resizer report_power
--------------------------------------------------------------------------
Group                  Internal  Switching    Leakage      Total
                          Power      Power      Power      Power (Watts)
----------------------------------------------------------------
Sequential             9.72e-05   1.72e-05   1.50e-05   1.29e-04  28.0%
Combinational          3.29e-06   4.29e-06   2.06e-04   2.13e-04  46.1%
Clock                  0.00e+00   0.00e+00   0.00e+00   0.00e+00   0.0%
Macro                  1.15e-04   0.00e+00   4.90e-06   1.20e-04  25.9%
Pad                    0.00e+00   0.00e+00   0.00e+00   0.00e+00   0.0%
----------------------------------------------------------------
Total                  2.16e-04   2.15e-05   2.25e-04   4.62e-04 100.0%
                          46.6%       4.6%      48.8%
